DIFF		drawing		1		0
PWEL		drawing		2		0
PWEL		PW_ANA		2		5
NWEL		drawing		3		0
DNW		drawing		4		0
NW_IO		drawing		5		9
PW_IO		drawing		6		10
AW		drawing		6		26
VTPSH		drawing		8		2
VTNSH		drawing		9		1
PPLUS		drawing		11		0
NPLUS		drawing		12		0
PMINUS		drawing		17		0
NMINUS		drawing		18		0
HVCELLNLDD	drawing		18		71
VT		VTPL		20		0
VT		VTNL		22		0
VT		VTP		13		0
VT		VTN		14		0
NW_CORE		drawing		14		2
PW_CORE		drawing		15		3
VT		VTPH		15		0
VT		VTNH		16		0
VT		CELL_VTN	25		0
CELL_NLDD	drawing		4		71
CELL_PLDD	drawing		5		71
VT		LLPLDD		13		71
VT		LLNLDD		14		71
PMINUS		HVPLDD		17		1
NMINUS		HVNLDD		15		71
VT		LV_PLDD		16		71
VT		LV_NLDD		17		71
VT		VTN_LLL		23		71
VT		VTP_LLL		24		71
VT		VTN_LL		25		71
VT		VTP_LL		26		71
VT		VTN_LLH		27		71
VT		VTP_LLH		28		71
SAB		drawing		36		0
PGI		drawing		31		7
PESD		drawing		32		0
N_EX		drawing		33		3
DT		drawing		34		6
MG		drawing		35		0
TG		drawing		37		0
HR		drawing		38		0
MR		drawing		38		1
NPOLY		drawing		29		0
PO1		drawing		41		0
PO1		CELLG		41		2
SOIBC		drawing		39		19
SOIBC2		drawing		39		20
CONT		drawing		39		0
ME1		drawing		46		0
VI1		drawing		47		0
ME2		drawing		48		0
VI2		drawing		49		0
ME3		drawing		50		0
VI3		drawing		51		0
ME4		drawing		52		0
VI4		drawing		53		0
ME5		drawing		54		0
VI5		drawing		55		0
ME6		drawing		56		0
VI6		drawing		57		0
ME7		drawing		58		0
VI7		drawing		59		0
ME8		drawing		60		0
MMCBP		drawing		64		0
MMCTP		drawing		65		0
TMV_RDL		drawing		66		0
AL_RDL		drawing		67		0
PASV_RDL	drawing		68		0
AL_FUSE_PAD	drawing		69		0
CU_FUSE_PAD	drawing		69		1
SUBSTRATE	drawing		0		0
DNW		BOUNDMK		4		2
DNW		DNWHVMK		4		8
NWR		drawing		40		0
SP_SHVT		drawing		11		71
DEVICE		SPLVT		29		71
DEVICE		LL_LVT		31		71
DEVICE		LL_HVT		19		71
DEVICE		LL_RVT		33		71
DEVICE		LL_MLVT		34		71
DEVICE		SP_HVT		37		71
DEVICE		LL_LVTN		39		71
DEVICE		LL_LVTP		40		71
DEVICE		LL_HVTN		42		71
DEVICE		LL_HVTP		43		71
DIMPBK		drawing		7		1
DT		MVMARK		7		6
NATIVE		drawing		7		36
DEVICE		HVD_N		13		22
DEVICE		HVD_P		14		25
LVPLDDBK	LV_PLDD		16		2
LVNLDDBK	LV_NLDD		17		12
VTL_P		drawing		29		5
VTL_N		drawing		29		6
LPLUSMK		drawing		29		7
PSMBK		drawing		29		10
TG		Resistor_Mark	31		27
CELLEX		drawing		33		0
POODRES		drawing		33		4
HALOIMPBK	drawing		33		8
ZRAMMK		drawing		33		16
POFUSE		drawing		35		4
SBLK		drawing		36		71
TG		HVMARK		37		3
TG		MVMARK		37		4
TG		MVC_MARK	37		7
TG		NT_MARK		37		8
DT		HVMARK		37		13
CONT		FGCMARK		39		1
SYMBOL		ONOCAP		112		31
IND_CAD		IND		117		36
SYMBOL		RFSYMBOL	119		30
DEVICE		BIPOLAR		20		71
NCAP		drawing		21		71
DEVICE		MOAT		22		71
EFUSEMK		drawing		69		3
AL_RDL_THICK	drawing		69		9
GOX523P3VIMPMK	drawing		85		71
SEALRMARK	drawing		86		36
FUSEMARK	drawing		88		0
PADMARK		drawing		90		0
SRAMMK		drawing		91		4
PGI		BOUNDMK		91		18
DNATIVEMK	drawing		91		19
PGI		SIZE1		99		4
PGI		SIZE2		99		8
PGI		SIZE3		99		9
DT_CAD		Dummy_Block	34		1
VARACT		MISIMPBK	43		1
SMT		Block		43		10
DENMK		drawing		44		3
DEPMK		drawing		44		4
DEPWMK		drawing		44		5
TG		VTN		44		7
GPMK		drawing		44		10
DIFF_CAD	Dummy_Block	70		1
PO1_CAD		Dummy_Block	71		1
M1_CAD		Dummy_Block	72		1
M2_CAD		Dummy_Block	73		1
M3_CAD		Dummy_Block	74		1
M4_CAD		Dummy_Block	75		1
M5_CAD		Dummy_Block	76		1
M6_CAD		Dummy_Block	77		1
M7_CAD		Dummy_Block	78		1
M8_CAD		Dummy_Block	79		1
M1_CAD		Slot_Block	72		2
M2_CAD		Slot_Block	73		2
M3_CAD		Slot_Block	74		2
M4_CAD		Slot_Block	75		2
M5_CAD		Slot_Block	76		2
M6_CAD		Slot_Block	77		2
M7_CAD		Slot_Block	78		2
M8_CAD		Slot_Block	79		2
HV_NLDD		Dummy		15		8
HV_PLDD		Dummy		16		8
PMINUS		Dummy		17		8
NMINUS		Dummy		19		8
DIFF_CAD	Dummy		70		8
PO1_CAD		Dummy		71		8
M1_CAD		Dummy		72		8
M2_CAD		Dummy		73		8
M3_CAD		Dummy		74		8
M4_CAD		Dummy		75		8
M5_CAD		Dummy		76		8
M6_CAD		Dummy		77		8
M7_CAD		Dummy		78		8
M8_CAD		Dummy		79		8
VI1		Dummy		47		8
VI2		Dummy		49		8
VI3		Dummy		51		8
VI4		Dummy		53		8
VI5		Dummy		55		8
VI6		Dummy		57		8
VI7		Dummy		59		8
M1_CAD		Slot		72		9
M2_CAD		Slot		73		9
M3_CAD		Slot		74		9
M4_CAD		Slot		75		9
M5_CAD		Slot		76		9
M6_CAD		Slot		77		9
M7_CAD		Slot		78		9
M8_CAD		Slot		79		9
AL_CAD		Slot		67		9
CONT		BAR		39		3
VI1		BAR		47		3
VI2		BAR		49		3
VI3		BAR		51		3
VI4		BAR		53		3
VI5		BAR		55		3
VI6		BAR		57		3
VI7		BAR		59		3
TMV_RDL		BAR		66		3
PWEL		OPC_Block	2		110
NWEL		OPC_Block	3		110
SMT		OPC_Block	7		110
LV_NLDD		OPC_Block	13		110
LV_PLDD		OPC_Block	14		110
HV_NLDD		OPC_Block	15		110
HV_PLDD		OPC_Block	16		110
PMINUS		OPC_Block	17		110
NMINUS		OPC_Block	18		110
PO1		OPC_Block	19		110
VTPL		OPC_Block	20		110
VTNL		OPC_Block	22		110
CELL_VTN	OPC_Block	25		110
VTN_LLH		OPC_Block	27		110
VTP_LLH		OPC_Block	28		110
NPOLY		OPC_Block	29		110
DT		OPC_Block	31		110
VTN		OPC_Block	32		110
VTP		OPC_Block	33		110
DT_CAD		OPC_Block	34		110
VTPH		OPC_Block	35		110
VTNH		OPC_Block	36		110
HR		OPC_Block	38		110
HVCELLNLDD	OPC_Block	45		110
PPLUS		OPC_Block	65		110
NPLUS		OPC_Block	66		110
LL_PLDD		OPC_Block	13		19
LL_NLDD		OPC_Block	14		19
CELL_VTP	OPC_Block	25		19
VTP_LL		OPC_Block	24		39
VTN_LL		OPC_Block	25		39
XOPCNPLUSEX	OPC_Block	26		39
PO2		OPC_Block	71		3
DIFF_CAD	OPC_Block	70		0
PO1_CAD		OPC_Block	71		0
M1_CAD		OPC_Block	72		0
M2_CAD		OPC_Block	73		0
M3_CAD		OPC_Block	74		0
M4_CAD		OPC_Block	75		0
M5_CAD		OPC_Block	76		0
M6_CAD		OPC_Block	77		0
M7_CAD		OPC_Block	78		0
M8_CAD		OPC_Block	79		0
CONT_CAD	OPC_Block	80		0
VI1		OPC_Block	72		19
VI2		OPC_Block	73		19
VI3		OPC_Block	74		19
VI4		OPC_Block	75		19
VI5		OPC_Block	76		19
VI6		OPC_Block	77		19
VI7		OPC_Block	78		19
SCHOTTKYDMK	drawing		29		9
PESDBK		drawing		32		1
GDMK		drawing		33		9
NGDMK		drawing		33		10
BTTMK		drawing		33		11
FPGAMK		drawing		33		17
W10LP313P3VMK	drawing		35		5
PWEL		Resistor_Mark	40		2
IPWM		drawing		63		63
AL_RDL		Block		69		6
CONTEBK		drawing		69		8
PADMARK		BOACMK		90		1
PADMARK		RFPADMK		90		3
RFMMCMK		drawing		90		4
WATPADMK	drawing		90		5
BOACHT		drawing		90		6
IOID		drawing		91		0
IOID		LOGOMK		91		1
TESTKEYMK	drawing		91		17
XDIODE		drawing		96		0
SEPGND		drawing		99		0
UDMK		drawing		99		5
ODMK		drawing		99		6
RSPARMK		drawing		99		10
RSSERMK		drawing		99		11
PGI		Block		99		14
ACL		drawing		120		0
ACL		MACROMK		120		1
PHL		drawing		121		0
PHL		FRAMMK		121		1
PHL		BOUNDMK		121		2
prBoundary	drawing		121		3
COMPMK		drawing		121		4
RSYMBOL		drawing		81		0
PSYMBOL		drawing		82		0
FLPMARK		drawing		89		0
FLPMARKP	drawing		89		36
CUFLIPMK	drawing		89		37
SDSYM		drawing		86		20
SYMBOL		MOMSYMBOL	86		21
AL_CAD		Resistor_Mark	67		2
M1_CAD		Resistor_Mark	86		1
M2_CAD		Resistor_Mark	86		2
M3_CAD		Resistor_Mark	86		3
M4_CAD		Resistor_Mark	86		4
M5_CAD		Resistor_Mark	86		5
M6_CAD		Resistor_Mark	86		6
M7_CAD		Resistor_Mark	86		7
M8_CAD		Resistor_Mark	86		8
M1_CAD		Block		72		10
M2_CAD		Block		73		10
M3_CAD		Block		74		10
M4_CAD		Block		75		10
M5_CAD		Block		76		10
M6_CAD		Block		77		10
M7_CAD		Block		78		10
M8_CAD		Block		79		10
M1_CAD		Metal_Port	72		11
M2_CAD		Metal_Port	73		11
M3_CAD		Metal_Port	74		11
M4_CAD		Metal_Port	75		11
M5_CAD		Metal_Port	76		11
M6_CAD		Metal_Port	77		11
M7_CAD		Metal_Port	78		11
M8_CAD		Metal_Port	79		11
PO1_CAD		RC_Mark		71		12
M1_CAD		RC_Mark		72		12
M2_CAD		RC_Mark		73		12
M3_CAD		RC_Mark		74		12
M4_CAD		RC_Mark		75		12
M5_CAD		RC_Mark		76		12
M6_CAD		RC_Mark		77		12
M7_CAD		RC_Mark		78		12
M8_CAD		RC_Mark		79		12
ALL		DBVIA_Block	85		13
CONT		DBVIA_Block	39		13
VI1		DBVIA_Block	47		13
VI2		DBVIA_Block	49		13
VI3		DBVIA_Block	51		13
VI4		DBVIA_Block	53		13
VI5		DBVIA_Block	55		13
VI6		DBVIA_Block	57		13
VI7		DBVIA_Block	59		13
TEXT		drawing		85		0
PO1_CAD		TEXT		100		0
M1_CAD		TEXT		101		0
M2_CAD		TEXT		102		0
M3_CAD		TEXT		103		0
M4_CAD		TEXT		104		0
M5_CAD		TEXT		105		0
M6_CAD		TEXT		106		0
M7_CAD		TEXT		107		0
M8_CAD		TEXT		108		0
AL_CAD		TEXT		85		20
PORES		TEXT		85		24
SYMBOL		MRSYMBOL	111		30
SYMBOL		CSYMBOL		112		30
SYMBOL		BJTSYMBOL	113		30
SYMBOL		DSYMBOL		114		30
SYMBOL		DIOBLK		115		30
SYMBOL		LSYMBOL		117		30
SYMBOL		MMSYMBOL	118		30
DECODER		drawing		123		30
SCANTMK		drawing		114		31
ANTDMK		drawing		116		31
SYMBOL		RFMOS_S		119		31
SYMBOL		F_MOS		119		32
SIZE		SIZE1		111		33
SIZE		SIZE2		112		33
SIZE		SIZE3		113		33
SIZE		SIZE4		114		33
SIZE		SIZE5		115		33
SIZE		SIZE6		116		33
SIZE		SIZE7		117		33
SIZE		SIZE8		118		33
SIZE		SIZE9		119		33
SIZE		SIZE10		111		34
SIZE		SIZE11		112		34
SIZE		SIZE12		113		34
SIZE		SIZE13		114		34
SIZE		SIZE14		115		34
SIZE		SIZE15		116		34
SIZE		SIZE16		117		34
SIZE		SIZE17		118		34
SIZE18		drawing		119		34
SIZE19		drawing		120		34
SIZE20		drawing		121		34
SIZE21		drawing		122		34
SIZE22		drawing		123		34
SIZE23		drawing		111		35
SIZE24		drawing		112		35
SIZE25		drawing		113		35
PO1		pin		41		0
ME1		pin		46		0
ME2		pin		48		0
ME3		pin		50		0
ME4		pin		52		0
ME5		pin		54		0
ME6		pin		56		0
ME7		pin		58		0
ME8		pin		60		0
AL_RDL		pin		67		0
PO1		net		41		0
ME1		net		46		0
ME2		net		48		0
ME3		net		50		0
ME4		net		52		0
ME5		net		54		0
ME6		net		56		0
ME7		net		58		0
ME8		net		60		0
AL_RDL		net		67		0
PO1		boundary	41		0
ME1		boundary	46		0
ME2		boundary	48		0
ME3		boundary	50		0
ME4		boundary	52		0
ME5		boundary	54		0
ME6		boundary	56		0
ME7		boundary	58		0
ME8		boundary	60		0
AL_RDL		boundary	67		0
SP		SPSP		95		0
SP		SP_2		95		2
SP		SP_3		95		3
SP		SP_1		95		5
SP		SP_5		95		20
SP		SIZE1		95		21
SP		SP_7		95		22
SP		SP_8		95		23
SP		OPC_Block	181		187
SP		SIZE2		95		25
SP		SP_10		95		26
SP		SP_11		95		27
SP		SP_12		95		28
SP		SP_18		95		29
SP_11S		drawing		95		37
SP_18S		drawing		95		39
SP_12A		drawing		95		48
SP		SIZE3		98		0
SP		SP_14		98		1
SP		SP_15		98		2
SP		SP_16		98		3
SP		SP_17		98		4
SP		SIZE4		98		5
SP		SIZE5		98		6
SP		drawing		98		8
SP_16S		drawing		98		13
DP		DP_1		94		0
DP		DP_2		94		20
DP		DP_3		94		21
DP		DP_4		94		22
DP		DP_5		94		23
DP		OPC_Block	181		186
DP		DP_7		94		25
DP		DP_8		94		26
DP		drawing		94		27
DP_2S		drawing		94		30
DP_7S		drawing		94		35
OTPMK		drawing		93		0
SP		WLSRAMMK	93		1
URAMMK		drawing		93		2
EFUSEIP		drawing		93		4
SP		RF_1		93		15
SP		RF_2		93		16
RF_1S		drawing		93		25
SP		CELLMARK	95		1
SP		SP_4		95		4
